Plato        Sun May  1 23:10:06 UTC 2022
Camus        Sun May  1 23:10:06 UTC 2022
Voltaire        Sun May  1 23:10:06 UTC 2022
Heidegger        Sun May  1 23:10:06 UTC 2022
Kierkegaard        Sun May  1 23:10:06 UTC 2022
Sartre        Sun May  1 23:10:06 UTC 2022
Hobbes        Sun May  1 23:10:06 UTC 2022
